musix11 default musix11.pfb
musix13 default musix13.pfb  
musix16 default musix16.pfb  
musix20 default musix20.pfb  
musix24 default musix24.pfb  
musix29 default musix29.pfb
musixsps default musixsps.pfb
musixspx default musixspx.pfb
xgreg11 default xgreg11.pfb
xgreg13 default xgreg13.pfb
xgreg16 default xgreg16.pfb
xgreg20 default xgreg20.pfb
xgreg24 default xgreg24.pfb
xgreg29 default xgreg29.pfb
xsld11 default xsld11.pfb
xsld11d default xsld11d.pfb
xsld13 default xsld13.pfb
xsld13d default xsld13d.pfb
xsld16 default xsld16.pfb
xsld16d default xsld16d.pfb
xsld20 default xsld20.pfb
xsld20d default xsld20d.pfb
xsld24 default xsld24.pfb
xsld24d default xsld24d.pfb
xsld29 default xsld29.pfb
xsld29d default xsld29d.pfb
xsldd20 default xsldd20.pfb
xsldu20 default xsldu20.pfb
xslhd11 default xslhd11.pfb
xslhd11d default xslhd11d.pfb
xslhd13 default xslhd13.pfb
xslhd13d default xslhd13d.pfb
xslhd16 default xslhd16.pfb
xslhd16d default xslhd16d.pfb
xslhd20 default xslhd20.pfb
xslhd20d default xslhd20d.pfb
xslhd24 default xslhd24.pfb
xslhd24d default xslhd24d.pfb
xslhd29 default xslhd29.pfb
xslhd29d default xslhd29d.pfb
xslhu11 default xslhu11.pfb
xslhu11d default xslhu11d.pfb
xslhu13 default xslhu13.pfb
xslhu13d default xslhu13d.pfb
xslhu16 default xslhu16.pfb
xslhu16d default xslhu16d.pfb
xslhu20 default xslhu20.pfb
xslhu20d default xslhu20d.pfb
xslhu24 default xslhu24.pfb
xslhu24d default xslhu24d.pfb
xslhu29 default xslhu29.pfb
xslhu29d default xslhu29d.pfb
xslhz20 default xslhz20.pfb
xslhz20d default xslhz20d.pfb
xslu11 default xslu11.pfb
xslu11d default xslu11d.pfb
xslu13 default xslu13.pfb
xslu13d default xslu13d.pfb
xslu16 default xslu16.pfb
xslu16d default xslu16d.pfb
xslu20 default xslu20.pfb
xslu20d default xslu20d.pfb
xslu24 default xslu24.pfb
xslu24d default xslu24d.pfb
xslu29 default xslu29.pfb
xslu29d default xslu29d.pfb
xslud20 default xslud20.pfb
xslup20 default xslup20.pfb
xslz20 default xslz20.pfb
xslz20d default xslz20d.pfb
xtie20 default xtie20.pfb
